2026-07-31 17:17:13 0 [Note] Starting MariaDB 10.4.32-MariaDB source revision c4143f909528e3fab0677a28631d10389354c491 as process 24272
2026-07-31 17:17:13 0 [Note] InnoDB: Mutexes and rw_locks use Windows interlocked functions
2026-07-31 17:17:13 0 [Note] InnoDB: Uses event mutexes
2026-07-31 17:17:13 0 [Note] InnoDB: Compressed tables use zlib 1.3
2026-07-31 17:17:13 0 [Note] InnoDB: Number of pools: 1
2026-07-31 17:17:13 0 [Note] InnoDB: Using SSE2 crc32 instructions
2026-07-31 17:17:13 0 [Note] InnoDB: Initializing buffer pool, total size = 128M, instances = 1, chunk size = 128M
2026-07-31 17:17:13 0 [Note] InnoDB: Completed initialization of buffer pool
2026-07-31 17:17:13 0 [Note] InnoDB: Starting crash recovery from checkpoint LSN=77615999
2026-07-31 17:17:13 0 [Warning] InnoDB: Ignoring a doublewrite copy of page [page id: space=0, page number=263] with future log sequence number 77619866
2026-07-31 17:17:13 0 [Warning] InnoDB: Ignoring a doublewrite copy of page [page id: space=0, page number=315] with future log sequence number 77619866
2026-07-31 17:17:13 0 [Warning] InnoDB: Ignoring a doublewrite copy of page [page id: space=0, page number=322] with future log sequence number 77619866
2026-07-31 17:17:13 0 [Warning] InnoDB: Ignoring a doublewrite copy of page [page id: space=0, page number=209] with future log sequence number 77624300
2026-07-31 17:17:13 0 [Warning] InnoDB: Ignoring a doublewrite copy of page [page id: space=0, page number=454] with future log sequence number 77624300
2026-07-31 17:17:13 0 [Warning] InnoDB: Ignoring a doublewrite copy of page [page id: space=0, page number=208] with future log sequence number 77624256
2026-07-31 17:17:13 0 [Warning] InnoDB: Ignoring a doublewrite copy of page [page id: space=0, page number=341] with future log sequence number 77624256
2026-07-31 17:17:13 0 [Warning] InnoDB: Ignoring a doublewrite copy of page [page id: space=0, page number=207] with future log sequence number 77624212
2026-07-31 17:17:13 0 [Warning] InnoDB: Ignoring a doublewrite copy of page [page id: space=0, page number=441] with future log sequence number 77624212
2026-07-31 17:17:13 0 [Warning] InnoDB: Ignoring a doublewrite copy of page [page id: space=0, page number=206] with future log sequence number 77624168
2026-07-31 17:17:13 0 [Warning] InnoDB: Ignoring a doublewrite copy of page [page id: space=0, page number=445] with future log sequence number 77624168
2026-07-31 17:17:13 0 [Warning] InnoDB: Ignoring a doublewrite copy of page [page id: space=0, page number=205] with future log sequence number 77624124
2026-07-31 17:17:13 0 [Warning] InnoDB: Ignoring a doublewrite copy of page [page id: space=0, page number=472] with future log sequence number 77624124
2026-07-31 17:17:13 0 [Warning] InnoDB: Ignoring a doublewrite copy of page [page id: space=0, page number=204] with future log sequence number 77624080
2026-07-31 17:17:13 0 [Warning] InnoDB: Ignoring a doublewrite copy of page [page id: space=0, page number=417] with future log sequence number 77624080
2026-07-31 17:17:14 0 [Warning] InnoDB: Ignoring a doublewrite copy of page [page id: space=0, page number=203] with future log sequence number 77624036
2026-07-31 17:17:14 0 [Warning] InnoDB: Ignoring a doublewrite copy of page [page id: space=0, page number=459] with future log sequence number 77624036
2026-07-31 17:17:14 0 [Warning] InnoDB: Ignoring a doublewrite copy of page [page id: space=0, page number=202] with future log sequence number 77623992
2026-07-31 17:17:14 0 [Warning] InnoDB: Ignoring a doublewrite copy of page [page id: space=0, page number=370] with future log sequence number 77623992
2026-07-31 17:17:14 0 [Warning] InnoDB: Ignoring a doublewrite copy of page [page id: space=0, page number=201] with future log sequence number 77623948
2026-07-31 17:17:14 0 [Warning] InnoDB: Ignoring a doublewrite copy of page [page id: space=0, page number=444] with future log sequence number 77623948
2026-07-31 17:17:14 0 [Warning] InnoDB: Ignoring a doublewrite copy of page [page id: space=0, page number=200] with future log sequence number 77623904
2026-07-31 17:17:14 0 [Warning] InnoDB: Ignoring a doublewrite copy of page [page id: space=0, page number=457] with future log sequence number 77623904
2026-07-31 17:17:14 0 [Warning] InnoDB: Ignoring a doublewrite copy of page [page id: space=0, page number=199] with future log sequence number 77623860
2026-07-31 17:17:14 0 [Warning] InnoDB: Ignoring a doublewrite copy of page [page id: space=0, page number=499] with future log sequence number 77623860
2026-07-31 17:17:14 0 [Warning] InnoDB: Ignoring a doublewrite copy of page [page id: space=0, page number=198] with future log sequence number 77623800
2026-07-31 17:17:14 0 [Warning] InnoDB: Ignoring a doublewrite copy of page [page id: space=0, page number=358] with future log sequence number 77623800
2026-07-31 17:17:14 0 [Warning] InnoDB: Ignoring a doublewrite copy of page [page id: space=0, page number=197] with future log sequence number 77623756
2026-07-31 17:17:14 0 [Warning] InnoDB: Ignoring a doublewrite copy of page [page id: space=0, page number=443] with future log sequence number 77623756
2026-07-31 17:17:14 0 [Warning] InnoDB: Ignoring a doublewrite copy of page [page id: space=0, page number=215] with future log sequence number 77625566
2026-07-31 17:17:14 0 [Warning] InnoDB: Ignoring a doublewrite copy of page [page id: space=1689, page number=3] with future log sequence number 77625587
2026-07-31 17:17:14 0 [Warning] InnoDB: Ignoring a doublewrite copy of page [page id: space=0, page number=301] with future log sequence number 77625566
2026-07-31 17:17:14 0 [ERROR] InnoDB: Page [page id: space=0, page number=48] log sequence number 77619152 is in the future! Current system log sequence number 77616017.
2026-07-31 17:17:14 0 [ERROR] InnoDB: Your database may be corrupt or you may have copied the InnoDB tablespace but not the InnoDB log files. Please refer to https://mariadb.com/kb/en/library/innodb-recovery-modes/ for information about forcing recovery.
2026-07-31 17:17:14 0 [ERROR] InnoDB: Page [page id: space=0, page number=453] log sequence number 77619152 is in the future! Current system log sequence number 77616017.
2026-07-31 17:17:14 0 [ERROR] InnoDB: Your database may be corrupt or you may have copied the InnoDB tablespace but not the InnoDB log files. Please refer to https://mariadb.com/kb/en/library/innodb-recovery-modes/ for information about forcing recovery.
2026-07-31 17:17:14 0 [ERROR] InnoDB: Page [page id: space=0, page number=49] log sequence number 77619191 is in the future! Current system log sequence number 77616017.
2026-07-31 17:17:14 0 [ERROR] InnoDB: Your database may be corrupt or you may have copied the InnoDB tablespace but not the InnoDB log files. Please refer to https://mariadb.com/kb/en/library/innodb-recovery-modes/ for information about forcing recovery.
2026-07-31 17:17:14 0 [ERROR] InnoDB: Page [page id: space=0, page number=479] log sequence number 77619191 is in the future! Current system log sequence number 77616017.
2026-07-31 17:17:14 0 [ERROR] InnoDB: Your database may be corrupt or you may have copied the InnoDB tablespace but not the InnoDB log files. Please refer to https://mariadb.com/kb/en/library/innodb-recovery-modes/ for information about forcing recovery.
2026-07-31 17:17:14 0 [ERROR] InnoDB: Page [page id: space=0, page number=59] log sequence number 77619246 is in the future! Current system log sequence number 77616017.
2026-07-31 17:17:14 0 [ERROR] InnoDB: Your database may be corrupt or you may have copied the InnoDB tablespace but not the InnoDB log files. Please refer to https://mariadb.com/kb/en/library/innodb-recovery-modes/ for information about forcing recovery.
2026-07-31 17:17:14 0 [ERROR] InnoDB: Page [page id: space=0, page number=318] log sequence number 77619246 is in the future! Current system log sequence number 77616017.
2026-07-31 17:17:14 0 [ERROR] InnoDB: Your database may be corrupt or you may have copied the InnoDB tablespace but not the InnoDB log files. Please refer to https://mariadb.com/kb/en/library/innodb-recovery-modes/ for information about forcing recovery.
2026-07-31 17:17:14 0 [ERROR] InnoDB: Page [page id: space=0, page number=61] log sequence number 77619285 is in the future! Current system log sequence number 77616017.
2026-07-31 17:17:14 0 [ERROR] InnoDB: Your database may be corrupt or you may have copied the InnoDB tablespace but not the InnoDB log files. Please refer to https://mariadb.com/kb/en/library/innodb-recovery-modes/ for information about forcing recovery.
2026-07-31 17:17:14 0 [ERROR] InnoDB: Page [page id: space=0, page number=363] log sequence number 77619285 is in the future! Current system log sequence number 77616017.
2026-07-31 17:17:14 0 [ERROR] InnoDB: Your database may be corrupt or you may have copied the InnoDB tablespace but not the InnoDB log files. Please refer to https://mariadb.com/kb/en/library/innodb-recovery-modes/ for information about forcing recovery.
2026-07-31 17:17:14 0 [ERROR] InnoDB: Page [page id: space=0, page number=62] log sequence number 77619324 is in the future! Current system log sequence number 77616017.
2026-07-31 17:17:14 0 [ERROR] InnoDB: Your database may be corrupt or you may have copied the InnoDB tablespace but not the InnoDB log files. Please refer to https://mariadb.com/kb/en/library/innodb-recovery-modes/ for information about forcing recovery.
2026-07-31 17:17:14 0 [ERROR] InnoDB: Page [page id: space=0, page number=349] log sequence number 77619324 is in the future! Current system log sequence number 77616017.
2026-07-31 17:17:14 0 [ERROR] InnoDB: Your database may be corrupt or you may have copied the InnoDB tablespace but not the InnoDB log files. Please refer to https://mariadb.com/kb/en/library/innodb-recovery-modes/ for information about forcing recovery.
2026-07-31 17:17:14 0 [ERROR] InnoDB: Page [page id: space=0, page number=63] log sequence number 77619363 is in the future! Current system log sequence number 77616017.
2026-07-31 17:17:14 0 [ERROR] InnoDB: Your database may be corrupt or you may have copied the InnoDB tablespace but not the InnoDB log files. Please refer to https://mariadb.com/kb/en/library/innodb-recovery-modes/ for information about forcing recovery.
2026-07-31 17:17:14 0 [ERROR] InnoDB: Page [page id: space=0, page number=418] log sequence number 77619363 is in the future! Current system log sequence number 77616017.
2026-07-31 17:17:14 0 [ERROR] InnoDB: Your database may be corrupt or you may have copied the InnoDB tablespace but not the InnoDB log files. Please refer to https://mariadb.com/kb/en/library/innodb-recovery-modes/ for information about forcing recovery.
2026-07-31 17:17:14 0 [ERROR] InnoDB: Page [page id: space=0, page number=192] log sequence number 77619407 is in the future! Current system log sequence number 77616017.
2026-07-31 17:17:14 0 [ERROR] InnoDB: Your database may be corrupt or you may have copied the InnoDB tablespace but not the InnoDB log files. Please refer to https://mariadb.com/kb/en/library/innodb-recovery-modes/ for information about forcing recovery.
2026-07-31 17:17:14 0 [ERROR] InnoDB: Page [page id: space=0, page number=458] log sequence number 77619407 is in the future! Current system log sequence number 77616017.
2026-07-31 17:17:14 0 [ERROR] InnoDB: Your database may be corrupt or you may have copied the InnoDB tablespace but not the InnoDB log files. Please refer to https://mariadb.com/kb/en/library/innodb-recovery-modes/ for information about forcing recovery.
2026-07-31 17:17:14 0 [ERROR] InnoDB: Page [page id: space=0, page number=193] log sequence number 77619451 is in the future! Current system log sequence number 77616017.
2026-07-31 17:17:14 0 [ERROR] InnoDB: Your database may be corrupt or you may have copied the InnoDB tablespace but not the InnoDB log files. Please refer to https://mariadb.com/kb/en/library/innodb-recovery-modes/ for information about forcing recovery.
2026-07-31 17:17:14 0 [ERROR] InnoDB: Page [page id: space=0, page number=369] log sequence number 77619451 is in the future! Current system log sequence number 77616017.
2026-07-31 17:17:14 0 [ERROR] InnoDB: Your database may be corrupt or you may have copied the InnoDB tablespace but not the InnoDB log files. Please refer to https://mariadb.com/kb/en/library/innodb-recovery-modes/ for information about forcing recovery.
2026-07-31 17:17:14 0 [ERROR] InnoDB: Page [page id: space=0, page number=194] log sequence number 77619495 is in the future! Current system log sequence number 77616017.
2026-07-31 17:17:14 0 [ERROR] InnoDB: Your database may be corrupt or you may have copied the InnoDB tablespace but not the InnoDB log files. Please refer to https://mariadb.com/kb/en/library/innodb-recovery-modes/ for information about forcing recovery.
2026-07-31 17:17:14 0 [ERROR] InnoDB: Page [page id: space=0, page number=357] log sequence number 77619495 is in the future! Current system log sequence number 77616017.
2026-07-31 17:17:14 0 [ERROR] InnoDB: Your database may be corrupt or you may have copied the InnoDB tablespace but not the InnoDB log files. Please refer to https://mariadb.com/kb/en/library/innodb-recovery-modes/ for information about forcing recovery.
2026-07-31 17:17:14 0 [ERROR] InnoDB: Page [page id: space=0, page number=195] log sequence number 77619539 is in the future! Current system log sequence number 77616017.
2026-07-31 17:17:14 0 [ERROR] InnoDB: Your database may be corrupt or you may have copied the InnoDB tablespace but not the InnoDB log files. Please refer to https://mariadb.com/kb/en/library/innodb-recovery-modes/ for information about forcing recovery.
2026-07-31 17:17:14 0 [ERROR] InnoDB: Page [page id: space=0, page number=428] log sequence number 77619539 is in the future! Current system log sequence number 77616017.
2026-07-31 17:17:14 0 [ERROR] InnoDB: Your database may be corrupt or you may have copied the InnoDB tablespace but not the InnoDB log files. Please refer to https://mariadb.com/kb/en/library/innodb-recovery-modes/ for information about forcing recovery.
2026-07-31 17:17:14 0 [ERROR] InnoDB: Page [page id: space=0, page number=196] log sequence number 77619583 is in the future! Current system log sequence number 77616017.
2026-07-31 17:17:14 0 [ERROR] InnoDB: Your database may be corrupt or you may have copied the InnoDB tablespace but not the InnoDB log files. Please refer to https://mariadb.com/kb/en/library/innodb-recovery-modes/ for information about forcing recovery.
2026-07-31 17:17:14 0 [ERROR] InnoDB: Page [page id: space=0, page number=339] log sequence number 77619583 is in the future! Current system log sequence number 77616017.
2026-07-31 17:17:14 0 [ERROR] InnoDB: Your database may be corrupt or you may have copied the InnoDB tablespace but not the InnoDB log files. Please refer to https://mariadb.com/kb/en/library/innodb-recovery-modes/ for information about forcing recovery.
2026-07-31 17:17:14 0 [ERROR] InnoDB: Page [page id: space=0, page number=197] log sequence number 77623756 is in the future! Current system log sequence number 77616017.
2026-07-31 17:17:14 0 [ERROR] InnoDB: Your database may be corrupt or you may have copied the InnoDB tablespace but not the InnoDB log files. Please refer to https://mariadb.com/kb/en/library/innodb-recovery-modes/ for information about forcing recovery.
2026-07-31 17:17:14 0 [ERROR] InnoDB: Page [page id: space=0, page number=443] log sequence number 77623756 is in the future! Current system log sequence number 77616017.
2026-07-31 17:17:14 0 [ERROR] InnoDB: Your database may be corrupt or you may have copied the InnoDB tablespace but not the InnoDB log files. Please refer to https://mariadb.com/kb/en/library/innodb-recovery-modes/ for information about forcing recovery.
2026-07-31 17:17:14 0 [ERROR] InnoDB: Page [page id: space=0, page number=198] log sequence number 77623800 is in the future! Current system log sequence number 77616017.
2026-07-31 17:17:14 0 [ERROR] InnoDB: Your database may be corrupt or you may have copied the InnoDB tablespace but not the InnoDB log files. Please refer to https://mariadb.com/kb/en/library/innodb-recovery-modes/ for information about forcing recovery.
2026-07-31 17:17:14 0 [ERROR] InnoDB: Page [page id: space=0, page number=358] log sequence number 77623800 is in the future! Current system log sequence number 77616017.
2026-07-31 17:17:14 0 [ERROR] InnoDB: Your database may be corrupt or you may have copied the InnoDB tablespace but not the InnoDB log files. Please refer to https://mariadb.com/kb/en/library/innodb-recovery-modes/ for information about forcing recovery.
2026-07-31 17:17:14 0 [ERROR] InnoDB: Page [page id: space=0, page number=199] log sequence number 77623860 is in the future! Current system log sequence number 77616017.
2026-07-31 17:17:14 0 [ERROR] InnoDB: Your database may be corrupt or you may have copied the InnoDB tablespace but not the InnoDB log files. Please refer to https://mariadb.com/kb/en/library/innodb-recovery-modes/ for information about forcing recovery.
2026-07-31 17:17:14 0 [ERROR] InnoDB: Page [page id: space=0, page number=499] log sequence number 77623860 is in the future! Current system log sequence number 77616017.
2026-07-31 17:17:14 0 [ERROR] InnoDB: Your database may be corrupt or you may have copied the InnoDB tablespace but not the InnoDB log files. Please refer to https://mariadb.com/kb/en/library/innodb-recovery-modes/ for information about forcing recovery.
2026-07-31 17:17:14 0 [ERROR] InnoDB: Page [page id: space=0, page number=200] log sequence number 77623904 is in the future! Current system log sequence number 77616017.
2026-07-31 17:17:14 0 [ERROR] InnoDB: Your database may be corrupt or you may have copied the InnoDB tablespace but not the InnoDB log files. Please refer to https://mariadb.com/kb/en/library/innodb-recovery-modes/ for information about forcing recovery.
2026-07-31 17:17:14 0 [ERROR] InnoDB: Page [page id: space=0, page number=457] log sequence number 77623904 is in the future! Current system log sequence number 77616017.
2026-07-31 17:17:14 0 [ERROR] InnoDB: Your database may be corrupt or you may have copied the InnoDB tablespace but not the InnoDB log files. Please refer to https://mariadb.com/kb/en/library/innodb-recovery-modes/ for information about forcing recovery.
2026-07-31 17:17:14 0 [ERROR] InnoDB: Page [page id: space=0, page number=201] log sequence number 77623948 is in the future! Current system log sequence number 77616017.
2026-07-31 17:17:14 0 [ERROR] InnoDB: Your database may be corrupt or you may have copied the InnoDB tablespace but not the InnoDB log files. Please refer to https://mariadb.com/kb/en/library/innodb-recovery-modes/ for information about forcing recovery.
2026-07-31 17:17:14 0 [ERROR] InnoDB: Page [page id: space=0, page number=444] log sequence number 77623948 is in the future! Current system log sequence number 77616017.
2026-07-31 17:17:14 0 [ERROR] InnoDB: Your database may be corrupt or you may have copied the InnoDB tablespace but not the InnoDB log files. Please refer to https://mariadb.com/kb/en/library/innodb-recovery-modes/ for information about forcing recovery.
2026-07-31 17:17:14 0 [ERROR] InnoDB: Page [page id: space=0, page number=202] log sequence number 77623992 is in the future! Current system log sequence number 77616017.
2026-07-31 17:17:14 0 [ERROR] InnoDB: Your database may be corrupt or you may have copied the InnoDB tablespace but not the InnoDB log files. Please refer to https://mariadb.com/kb/en/library/innodb-recovery-modes/ for information about forcing recovery.
2026-07-31 17:17:14 0 [ERROR] InnoDB: Page [page id: space=0, page number=370] log sequence number 77623992 is in the future! Current system log sequence number 77616017.
2026-07-31 17:17:14 0 [ERROR] InnoDB: Your database may be corrupt or you may have copied the InnoDB tablespace but not the InnoDB log files. Please refer to https://mariadb.com/kb/en/library/innodb-recovery-modes/ for information about forcing recovery.
2026-07-31 17:17:14 0 [ERROR] InnoDB: Page [page id: space=0, page number=203] log sequence number 77624036 is in the future! Current system log sequence number 77616017.
2026-07-31 17:17:14 0 [ERROR] InnoDB: Your database may be corrupt or you may have copied the InnoDB tablespace but not the InnoDB log files. Please refer to https://mariadb.com/kb/en/library/innodb-recovery-modes/ for information about forcing recovery.
2026-07-31 17:17:14 0 [ERROR] InnoDB: Page [page id: space=0, page number=459] log sequence number 77624036 is in the future! Current system log sequence number 77616017.
2026-07-31 17:17:14 0 [ERROR] InnoDB: Your database may be corrupt or you may have copied the InnoDB tablespace but not the InnoDB log files. Please refer to https://mariadb.com/kb/en/library/innodb-recovery-modes/ for information about forcing recovery.
2026-07-31 17:17:14 0 [ERROR] InnoDB: Page [page id: space=0, page number=204] log sequence number 77624080 is in the future! Current system log sequence number 77616017.
2026-07-31 17:17:14 0 [ERROR] InnoDB: Your database may be corrupt or you may have copied the InnoDB tablespace but not the InnoDB log files. Please refer to https://mariadb.com/kb/en/library/innodb-recovery-modes/ for information about forcing recovery.
2026-07-31 17:17:14 0 [ERROR] InnoDB: Page [page id: space=0, page number=417] log sequence number 77624080 is in the future! Current system log sequence number 77616017.
2026-07-31 17:17:14 0 [ERROR] InnoDB: Your database may be corrupt or you may have copied the InnoDB tablespace but not the InnoDB log files. Please refer to https://mariadb.com/kb/en/library/innodb-recovery-modes/ for information about forcing recovery.
2026-07-31 17:17:14 0 [ERROR] InnoDB: Page [page id: space=0, page number=205] log sequence number 77624124 is in the future! Current system log sequence number 77616017.
2026-07-31 17:17:14 0 [ERROR] InnoDB: Your database may be corrupt or you may have copied the InnoDB tablespace but not the InnoDB log files. Please refer to https://mariadb.com/kb/en/library/innodb-recovery-modes/ for information about forcing recovery.
2026-07-31 17:17:14 0 [ERROR] InnoDB: Page [page id: space=0, page number=472] log sequence number 77624124 is in the future! Current system log sequence number 77616017.
2026-07-31 17:17:14 0 [ERROR] InnoDB: Your database may be corrupt or you may have copied the InnoDB tablespace but not the InnoDB log files. Please refer to https://mariadb.com/kb/en/library/innodb-recovery-modes/ for information about forcing recovery.
2026-07-31 17:17:14 0 [ERROR] InnoDB: Page [page id: space=0, page number=206] log sequence number 77624168 is in the future! Current system log sequence number 77616017.
2026-07-31 17:17:14 0 [ERROR] InnoDB: Your database may be corrupt or you may have copied the InnoDB tablespace but not the InnoDB log files. Please refer to https://mariadb.com/kb/en/library/innodb-recovery-modes/ for information about forcing recovery.
2026-07-31 17:17:14 0 [ERROR] InnoDB: Page [page id: space=0, page number=445] log sequence number 77624168 is in the future! Current system log sequence number 77616017.
2026-07-31 17:17:14 0 [ERROR] InnoDB: Your database may be corrupt or you may have copied the InnoDB tablespace but not the InnoDB log files. Please refer to https://mariadb.com/kb/en/library/innodb-recovery-modes/ for information about forcing recovery.
2026-07-31 17:17:14 0 [ERROR] InnoDB: Page [page id: space=0, page number=207] log sequence number 77624212 is in the future! Current system log sequence number 77616017.
2026-07-31 17:17:14 0 [ERROR] InnoDB: Your database may be corrupt or you may have copied the InnoDB tablespace but not the InnoDB log files. Please refer to https://mariadb.com/kb/en/library/innodb-recovery-modes/ for information about forcing recovery.
2026-07-31 17:17:14 0 [ERROR] InnoDB: Page [page id: space=0, page number=441] log sequence number 77624212 is in the future! Current system log sequence number 77616017.
2026-07-31 17:17:14 0 [ERROR] InnoDB: Your database may be corrupt or you may have copied the InnoDB tablespace but not the InnoDB log files. Please refer to https://mariadb.com/kb/en/library/innodb-recovery-modes/ for information about forcing recovery.
2026-07-31 17:17:14 0 [ERROR] InnoDB: Page [page id: space=0, page number=208] log sequence number 77624256 is in the future! Current system log sequence number 77616017.
2026-07-31 17:17:14 0 [ERROR] InnoDB: Your database may be corrupt or you may have copied the InnoDB tablespace but not the InnoDB log files. Please refer to https://mariadb.com/kb/en/library/innodb-recovery-modes/ for information about forcing recovery.
2026-07-31 17:17:14 0 [ERROR] InnoDB: Page [page id: space=0, page number=341] log sequence number 77624256 is in the future! Current system log sequence number 77616017.
2026-07-31 17:17:14 0 [ERROR] InnoDB: Your database may be corrupt or you may have copied the InnoDB tablespace but not the InnoDB log files. Please refer to https://mariadb.com/kb/en/library/innodb-recovery-modes/ for information about forcing recovery.
2026-07-31 17:17:14 0 [ERROR] InnoDB: Page [page id: space=0, page number=209] log sequence number 77624300 is in the future! Current system log sequence number 77616017.
2026-07-31 17:17:14 0 [ERROR] InnoDB: Your database may be corrupt or you may have copied the InnoDB tablespace but not the InnoDB log files. Please refer to https://mariadb.com/kb/en/library/innodb-recovery-modes/ for information about forcing recovery.
2026-07-31 17:17:14 0 [ERROR] InnoDB: Page [page id: space=0, page number=454] log sequence number 77624300 is in the future! Current system log sequence number 77616017.
2026-07-31 17:17:14 0 [ERROR] InnoDB: Your database may be corrupt or you may have copied the InnoDB tablespace but not the InnoDB log files. Please refer to https://mariadb.com/kb/en/library/innodb-recovery-modes/ for information about forcing recovery.
2026-07-31 17:17:14 0 [ERROR] InnoDB: Page [page id: space=0, page number=210] log sequence number 77624360 is in the future! Current system log sequence number 77616017.
2026-07-31 17:17:14 0 [ERROR] InnoDB: Your database may be corrupt or you may have copied the InnoDB tablespace but not the InnoDB log files. Please refer to https://mariadb.com/kb/en/library/innodb-recovery-modes/ for information about forcing recovery.
2026-07-31 17:17:14 0 [ERROR] InnoDB: Page [page id: space=0, page number=460] log sequence number 77624360 is in the future! Current system log sequence number 77616017.
2026-07-31 17:17:14 0 [ERROR] InnoDB: Your database may be corrupt or you may have copied the InnoDB tablespace but not the InnoDB log files. Please refer to https://mariadb.com/kb/en/library/innodb-recovery-modes/ for information about forcing recovery.
2026-07-31 17:17:14 0 [ERROR] InnoDB: Page [page id: space=0, page number=211] log sequence number 77624578 is in the future! Current system log sequence number 77616017.
2026-07-31 17:17:14 0 [ERROR] InnoDB: Your database may be corrupt or you may have copied the InnoDB tablespace but not the InnoDB log files. Please refer to https://mariadb.com/kb/en/library/innodb-recovery-modes/ for information about forcing recovery.
2026-07-31 17:17:14 0 [ERROR] InnoDB: Page [page id: space=0, page number=503] log sequence number 77624578 is in the future! Current system log sequence number 77616017.
2026-07-31 17:17:14 0 [ERROR] InnoDB: Your database may be corrupt or you may have copied the InnoDB tablespace but not the InnoDB log files. Please refer to https://mariadb.com/kb/en/library/innodb-recovery-modes/ for information about forcing recovery.
2026-07-31 17:17:14 0 [ERROR] InnoDB: Page [page id: space=0, page number=212] log sequence number 77624817 is in the future! Current system log sequence number 77616017.
2026-07-31 17:17:14 0 [ERROR] InnoDB: Your database may be corrupt or you may have copied the InnoDB tablespace but not the InnoDB log files. Please refer to https://mariadb.com/kb/en/library/innodb-recovery-modes/ for information about forcing recovery.
2026-07-31 17:17:14 0 [ERROR] InnoDB: Page [page id: space=0, page number=319] log sequence number 77624817 is in the future! Current system log sequence number 77616017.
2026-07-31 17:17:14 0 [ERROR] InnoDB: Your database may be corrupt or you may have copied the InnoDB tablespace but not the InnoDB log files. Please refer to https://mariadb.com/kb/en/library/innodb-recovery-modes/ for information about forcing recovery.
2026-07-31 17:17:14 0 [ERROR] InnoDB: Page [page id: space=0, page number=213] log sequence number 77625072 is in the future! Current system log sequence number 77616017.
2026-07-31 17:17:14 0 [ERROR] InnoDB: Your database may be corrupt or you may have copied the InnoDB tablespace but not the InnoDB log files. Please refer to https://mariadb.com/kb/en/library/innodb-recovery-modes/ for information about forcing recovery.
2026-07-31 17:17:14 0 [ERROR] InnoDB: Page [page id: space=0, page number=447] log sequence number 77625072 is in the future! Current system log sequence number 77616017.
2026-07-31 17:17:14 0 [ERROR] InnoDB: Your database may be corrupt or you may have copied the InnoDB tablespace but not the InnoDB log files. Please refer to https://mariadb.com/kb/en/library/innodb-recovery-modes/ for information about forcing recovery.
2026-07-31 17:17:14 0 [ERROR] InnoDB: Page [page id: space=0, page number=214] log sequence number 77625311 is in the future! Current system log sequence number 77616017.
2026-07-31 17:17:14 0 [ERROR] InnoDB: Your database may be corrupt or you may have copied the InnoDB tablespace but not the InnoDB log files. Please refer to https://mariadb.com/kb/en/library/innodb-recovery-modes/ for information about forcing recovery.
2026-07-31 17:17:14 0 [ERROR] InnoDB: Page [page id: space=0, page number=325] log sequence number 77625311 is in the future! Current system log sequence number 77616017.
2026-07-31 17:17:14 0 [ERROR] InnoDB: Your database may be corrupt or you may have copied the InnoDB tablespace but not the InnoDB log files. Please refer to https://mariadb.com/kb/en/library/innodb-recovery-modes/ for information about forcing recovery.
2026-07-31 17:17:14 0 [ERROR] InnoDB: Page [page id: space=0, page number=215] log sequence number 77625566 is in the future! Current system log sequence number 77616017.
2026-07-31 17:17:14 0 [ERROR] InnoDB: Your database may be corrupt or you may have copied the InnoDB tablespace but not the InnoDB log files. Please refer to https://mariadb.com/kb/en/library/innodb-recovery-modes/ for information about forcing recovery.
2026-07-31 17:17:14 0 [ERROR] InnoDB: Page [page id: space=0, page number=301] log sequence number 77625566 is in the future! Current system log sequence number 77616017.
2026-07-31 17:17:14 0 [ERROR] InnoDB: Your database may be corrupt or you may have copied the InnoDB tablespace but not the InnoDB log files. Please refer to https://mariadb.com/kb/en/library/innodb-recovery-modes/ for information about forcing recovery.
2026-07-31 17:17:14 0 [ERROR] InnoDB: Page [page id: space=0, page number=260] log sequence number 77619627 is in the future! Current system log sequence number 77616017.
2026-07-31 17:17:14 0 [ERROR] InnoDB: Your database may be corrupt or you may have copied the InnoDB tablespace but not the InnoDB log files. Please refer to https://mariadb.com/kb/en/library/innodb-recovery-modes/ for information about forcing recovery.
2026-07-31 17:17:14 0 [ERROR] InnoDB: Page [page id: space=0, page number=480] log sequence number 77619627 is in the future! Current system log sequence number 77616017.
2026-07-31 17:17:14 0 [ERROR] InnoDB: Your database may be corrupt or you may have copied the InnoDB tablespace but not the InnoDB log files. Please refer to https://mariadb.com/kb/en/library/innodb-recovery-modes/ for information about forcing recovery.
2026-07-31 17:17:14 0 [ERROR] InnoDB: Page [page id: space=0, page number=261] log sequence number 77619671 is in the future! Current system log sequence number 77616017.
2026-07-31 17:17:14 0 [ERROR] InnoDB: Your database may be corrupt or you may have copied the InnoDB tablespace but not the InnoDB log files. Please refer to https://mariadb.com/kb/en/library/innodb-recovery-modes/ for information about forcing recovery.
2026-07-31 17:17:14 0 [ERROR] InnoDB: Page [page id: space=0, page number=402] log sequence number 77619671 is in the future! Current system log sequence number 77616017.
2026-07-31 17:17:14 0 [ERROR] InnoDB: Your database may be corrupt or you may have copied the InnoDB tablespace but not the InnoDB log files. Please refer to https://mariadb.com/kb/en/library/innodb-recovery-modes/ for information about forcing recovery.
2026-07-31 17:17:14 0 [ERROR] InnoDB: Page [page id: space=0, page number=262] log sequence number 77619731 is in the future! Current system log sequence number 77616017.
2026-07-31 17:17:14 0 [ERROR] InnoDB: Your database may be corrupt or you may have copied the InnoDB tablespace but not the InnoDB log files. Please refer to https://mariadb.com/kb/en/library/innodb-recovery-modes/ for information about forcing recovery.
2026-07-31 17:17:14 0 [ERROR] InnoDB: Page [page id: space=0, page number=424] log sequence number 77619731 is in the future! Current system log sequence number 77616017.
2026-07-31 17:17:14 0 [ERROR] InnoDB: Your database may be corrupt or you may have copied the InnoDB tablespace but not the InnoDB log files. Please refer to https://mariadb.com/kb/en/library/innodb-recovery-modes/ for information about forcing recovery.
2026-07-31 17:17:14 0 [ERROR] InnoDB: Page [page id: space=0, page number=263] log sequence number 77619866 is in the future! Current system log sequence number 77616017.
2026-07-31 17:17:14 0 [ERROR] InnoDB: Your database may be corrupt or you may have copied the InnoDB tablespace but not the InnoDB log files. Please refer to https://mariadb.com/kb/en/library/innodb-recovery-modes/ for information about forcing recovery.
2026-07-31 17:17:14 0 [ERROR] InnoDB: Page [page id: space=0, page number=0] log sequence number 77622328 is in the future! Current system log sequence number 77616017.
2026-07-31 17:17:14 0 [ERROR] InnoDB: Your database may be corrupt or you may have copied the InnoDB tablespace but not the InnoDB log files. Please refer to https://mariadb.com/kb/en/library/innodb-recovery-modes/ for information about forcing recovery.
2026-07-31 17:17:14 0 [Note] InnoDB: Resizing redo log from 2*5242880 to 2*50331648 bytes; LSN=77616017
2026-07-31 17:17:14 0 [Note] InnoDB: Starting to delete and rewrite log files.
2026-07-31 17:17:14 0 [Note] InnoDB: Setting log file .\ib_logfile101 size to 50331648 bytes
2026-07-31 17:17:14 0 [Note] InnoDB: Setting log file .\ib_logfile1 size to 50331648 bytes
2026-07-31 17:17:14 0 [Note] InnoDB: Renaming log file .\ib_logfile101 to .\ib_logfile0
2026-07-31 17:17:14 0 [Note] InnoDB: New log files created, LSN=77616017
2026-07-31 17:17:14 0 [Note] InnoDB: 128 out of 128 rollback segments are active.
2026-07-31 17:17:14 0 [Note] InnoDB: Removed temporary tablespace data file: "ibtmp1"
2026-07-31 17:17:14 0 [Note] InnoDB: Creating shared tablespace for temporary tables
2026-07-31 17:17:14 0 [Note] InnoDB: Setting file '.\ibtmp1' size to 12 MB. Physically writing the file full; Please wait ...
2026-07-31 17:17:14 0 [Note] InnoDB: File '.\ibtmp1' size is now 12 MB.
2026-07-31 17:17:14 0 [Note] InnoDB: Waiting for purge to start
2026-07-31 17:17:14 1 [ERROR] InnoDB: Page [page id: space=1689, page number=3] log sequence number 77625587 is in the future! Current system log sequence number 77616149.
2026-07-31 17:17:14 1 [ERROR] InnoDB: Your database may be corrupt or you may have copied the InnoDB tablespace but not the InnoDB log files. Please refer to https://mariadb.com/kb/en/library/innodb-recovery-modes/ for information about forcing recovery.
2026-07-31 17:17:14 0 [Note] InnoDB: 10.4.32 started; log sequence number 77616017; transaction id 80761
2026-07-31 17:17:14 0 [Note] InnoDB: Loading buffer pool(s) from c:\xampp\mysql\data\ib_buffer_pool
2026-07-31 17:17:14 0 [Note] Plugin 'FEEDBACK' is disabled.
2026-07-31 17:17:14 0 [ERROR] C:\xampp\mysql\bin\mysqld.exe: unknown option '--shared-memory'
2026-07-31 17:17:14 0 [ERROR] Aborting
2026-07-31 17:17:14 0 [ERROR] InnoDB: Page [page id: space=0, page number=315] log sequence number 77619866 is in the future! Current system log sequence number 77616149.
2026-07-31 17:17:14 0 [ERROR] InnoDB: Your database may be corrupt or you may have copied the InnoDB tablespace but not the InnoDB log files. Please refer to https://mariadb.com/kb/en/library/innodb-recovery-modes/ for information about forcing recovery.
